// Jest Snapshot v1, https://goo.gl/fbAQLP

exports[`Artist correctly renders after relaunch 1`] = `
<div
  className="artist"
>
  <input
    className="artist__input visually-hidden"
    id=""
    name="answer"
    type="radio"
    value=""
  />
  <label
    className="artist__name"
    htmlFor=""
  >
    <img
      alt=""
      className="artist__picture"
      src=""
    />
    
  </label>
</div>
`;
